// Jest Snapshot v1, https://goo.gl/fbAQLP

exports[`should render ExpenseListItem correctly 1`] = `
<li>
  <Link
    replace={false}
    to="/edit/1"
  >
    <h3>
      Description: 
      Gum
    </h3>
  </Link>
  <p>
    Cost: Â£
    195
  </p>
  <p>
    CreatedAt: 
  </p>
  <p>
    Note: 
  </p>
</li>
`;
